分类: 📺央视频道, 名称: CCTV-2, 有效: 6, IPv4: 9, IPv6: 0, 最小延迟: 319 ms, 最高速率: 9.58 M/s, 平均速率: 4.59 M/s, 最高分辨率: 1280x720
分类: 📺央视频道, 名称: CCTV-1, 有效: 5, IPv4: 8, IPv6: 0, 最小延迟: 289 ms, 最高速率: 2.42 M/s, 平均速率: 2.36 M/s, 最高分辨率: 1280x720
分类: 📺央视频道, 名称: CCTV-3, 有效: 4, IPv4: 8, IPv6: 0, 最小延迟: 406 ms, 最高速率: 10.15 M/s, 平均速率: 6.62 M/s, 最高分辨率: 1920x1080
分类: 📺央视频道, 名称: CCTV-4, 有效: 5, IPv4: 8, IPv6: 0, 最小延迟: 355 ms, 最高速率: 8.76 M/s, 平均速率: 4.25 M/s, 最高分辨率: 1920x1080
分类: 📺央视频道, 名称: CCTV-5, 有效: 2, IPv4: 8, IPv6: 0, 最小延迟: 446 ms, 最高速率: 7.82 M/s, 平均速率: 4.04 M/s, 最高分辨率: 1920x1080
分类: 📺央视频道, 名称: CCTV-8, 有效: 6, IPv4: 9, IPv6: 0, 最小延迟: 302 ms, 最高速率: 13.67 M/s, 平均速率: 6.83 M/s, 最高分辨率: 1920x1080
分类: 📺央视频道, 名称: CCTV-6, 有效: 5, IPv4: 9, IPv6: 0, 最小延迟: 334 ms, 最高速率: 10.67 M/s, 平均速率: 5.88 M/s, 最高分辨率: 1280x720
分类: 📺央视频道, 名称: CCTV-5+, 有效: 2, IPv4: 6, IPv6: 0, 最小延迟: 377 ms, 最高速率: 3.91 M/s, 平均速率: 2.22 M/s, 最高分辨率: 1920x1080
分类: 📺央视频道, 名称: CCTV-7, 有效: 5, IPv4: 8, IPv6: 0, 最小延迟: 275 ms, 最高速率: 8.98 M/s, 平均速率: 4.93 M/s, 最高分辨率: 1920x1080
分类: 📺央视频道, 名称: CCTV-9, 有效: 4, IPv4: 9, IPv6: 0, 最小延迟: 374 ms, 最高速率: 8.85 M/s, 平均速率: 5.37 M/s, 最高分辨率: 1920x1080
分类: 📺央视频道, 名称: CCTV-10, 有效: 5, IPv4: 8, IPv6: 0, 最小延迟: 449 ms, 最高速率: 8.76 M/s, 平均速率: 3.80 M/s, 最高分辨率: 1920x1080
分类: 📺央视频道, 名称: CCTV-11, 有效: 5, IPv4: 8, IPv6: 0, 最小延迟: 380 ms, 最高速率: 4.88 M/s, 平均速率: 2.24 M/s, 最高分辨率: 1920x1080
分类: 📺央视频道, 名称: CCTV-14, 有效: 5, IPv4: 8, IPv6: 0, 最小延迟: 358 ms, 最高速率: 9.29 M/s, 平均速率: 5.92 M/s, 最高分辨率: 1280x720
分类: 📺央视频道, 名称: CCTV-12, 有效: 5, IPv4: 9, IPv6: 0, 最小延迟: 353 ms, 最高速率: 9.94 M/s, 平均速率: 4.38 M/s, 最高分辨率: 1920x1080
分类: 📺央视频道, 名称: CCTV-16, 有效: 3, IPv4: 6, IPv6: 0, 最小延迟: 286 ms, 最高速率: 2.84 M/s, 平均速率: 1.69 M/s, 最高分辨率: 1280x720
分类: 📺央视频道, 名称: CCTV-13, 有效: 5, IPv4: 8, IPv6: 0, 最小延迟: 378 ms, 最高速率: 8.72 M/s, 平均速率: 3.82 M/s, 最高分辨率: 1920x1080
分类: 📺央视频道, 名称: CETV-3, 有效: 1, IPv4: 2, IPv6: 0, 最小延迟: 407 ms, 最高速率: 6.48 M/s, 平均速率: 6.32 M/s, 最高分辨率: 1280x720
分类: 📺央视频道, 名称: CETV-1, 有效: 4, IPv4: 4, IPv6: 0, 最小延迟: 499 ms, 最高速率: 10.68 M/s, 平均速率: 8.02 M/s, 最高分辨率: 1920x1080
分类: 📡卫视频道, 名称: 香港卫视, 有效: 0, IPv4: 2, IPv6: 0, 最小延迟: -1 ms, 最高速率: 0.00 M/s, 平均速率: 0.00 M/s, 最高分辨率: None
分类: 📺央视频道, 名称: CCTV-15, 有效: 5, IPv4: 8, IPv6: 0, 最小延迟: 377 ms, 最高速率: 9.00 M/s, 平均速率: 6.27 M/s, 最高分辨率: 1280x720
分类: 📡卫视频道, 名称: 广东卫视, 有效: 5, IPv4: 7, IPv6: 0, 最小延迟: 81 ms, 最高速率: 191.88 M/s, 平均速率: 42.82 M/s, 最高分辨率: 1920x1080
分类: 📡卫视频道, 名称: 浙江卫视, 有效: 3, IPv4: 8, IPv6: 0, 最小延迟: 490 ms, 最高速率: 9.33 M/s, 平均速率: 8.69 M/s, 最高分辨率: 1920x1080
分类: 📺央视频道, 名称: CCTV-17, 有效: 5, IPv4: 7, IPv6: 0, 最小延迟: 55 ms, 最高速率: 93.94 M/s, 平均速率: 37.75 M/s, 最高分辨率: 1920x1080
分类: 📡卫视频道, 名称: 北京卫视, 有效: 5, IPv4: 10, IPv6: 0, 最小延迟: 518 ms, 最高速率: 7.68 M/s, 平均速率: 3.43 M/s, 最高分辨率: 1920x1080
分类: 📡卫视频道, 名称: 湖北卫视, 有效: 3, IPv4: 5, IPv6: 0, 最小延迟: 590 ms, 最高速率: 7.12 M/s, 平均速率: 5.25 M/s, 最高分辨率: 1920x1080
分类: 📡卫视频道, 名称: 安徽卫视, 有效: 3, IPv4: 6, IPv6: 0, 最小延迟: 466 ms, 最高速率: 9.89 M/s, 平均速率: 5.67 M/s, 最高分辨率: 1920x1080
分类: 📡卫视频道, 名称: 东方卫视, 有效: 5, IPv4: 6, IPv6: 0, 最小延迟: 443 ms, 最高速率: 9.31 M/s, 平均速率: 7.69 M/s, 最高分辨率: 1920x1080
分类: 📡卫视频道, 名称: 湖南卫视, 有效: 5, IPv4: 8, IPv6: 0, 最小延迟: 409 ms, 最高速率: 8.00 M/s, 平均速率: 4.56 M/s, 最高分辨率: 3840x2160
分类: 📡卫视频道, 名称: 黑龙江卫视, 有效: 5, IPv4: 7, IPv6: 0, 最小延迟: 510 ms, 最高速率: 7.63 M/s, 平均速率: 3.55 M/s, 最高分辨率: 1920x1080
分类: 📡卫视频道, 名称: 重庆卫视, 有效: 2, IPv4: 4, IPv6: 0, 最小延迟: 475 ms, 最高速率: 8.35 M/s, 平均速率: 8.30 M/s, 最高分辨率: 1920x1080
分类: 📡卫视频道, 名称: 东南卫视, 有效: 4, IPv4: 7, IPv6: 0, 最小延迟: 481 ms, 最高速率: 10.14 M/s, 平均速率: 5.15 M/s, 最高分辨率: 1920x1080
分类: 📡卫视频道, 名称: 甘肃卫视, 有效: 3, IPv4: 4, IPv6: 0, 最小延迟: 472 ms, 最高速率: 8.89 M/s, 平均速率: 6.27 M/s, 最高分辨率: 1920x1080
分类: 📡卫视频道, 名称: 广西卫视, 有效: 5, IPv4: 6, IPv6: 0, 最小延迟: 268 ms, 最高速率: 5.92 M/s, 平均速率: 2.96 M/s, 最高分辨率: 1920x1080
分类: 📡卫视频道, 名称: 贵州卫视, 有效: 5, IPv4: 7, IPv6: 0, 最小延迟: 61 ms, 最高速率: 89.32 M/s, 平均速率: 25.68 M/s, 最高分辨率: 1920x1080
分类: 📡卫视频道, 名称: 海南卫视, 有效: 2, IPv4: 3, IPv6: 0, 最小延迟: 3774 ms, 最高速率: 1.57 M/s, 平均速率: 1.08 M/s, 最高分辨率: 1920x1080
分类: 📡卫视频道, 名称: 江苏卫视, 有效: 4, IPv4: 7, IPv6: 0, 最小延迟: 277 ms, 最高速率: 9.34 M/s, 平均速率: 7.13 M/s, 最高分辨率: 1920x1080
分类: 📡卫视频道, 名称: 河北卫视, 有效: 3, IPv4: 6, IPv6: 0, 最小延迟: 1100 ms, 最高速率: 2.97 M/s, 平均速率: 1.63 M/s, 最高分辨率: 1920x1080
分类: 📡卫视频道, 名称: 河南卫视, 有效: 4, IPv4: 8, IPv6: 0, 最小延迟: 474 ms, 最高速率: 9.25 M/s, 平均速率: 5.00 M/s, 最高分辨率: 1920x1080
分类: 📡卫视频道, 名称: 吉林卫视, 有效: 3, IPv4: 5, IPv6: 0, 最小延迟: 479 ms, 最高速率: 10.46 M/s, 平均速率: 7.14 M/s, 最高分辨率: 1920x1080
分类: 📡卫视频道, 名称: 江西卫视, 有效: 5, IPv4: 7, IPv6: 0, 最小延迟: 42 ms, 最高速率: 121.68 M/s, 平均速率: 27.93 M/s, 最高分辨率: 1920x1080
分类: 📡卫视频道, 名称: 内蒙古卫视, 有效: 5, IPv4: 8, IPv6: 0, 最小延迟: 37 ms, 最高速率: 146.11 M/s, 平均速率: 57.55 M/s, 最高分辨率: 1920x1080
分类: 📡卫视频道, 名称: 宁夏卫视, 有效: 4, IPv4: 6, IPv6: 0, 最小延迟: 34 ms, 最高速率: 150.34 M/s, 平均速率: 108.29 M/s, 最高分辨率: 1920x1080
分类: 📡卫视频道, 名称: 辽宁卫视, 有效: 5, IPv4: 7, IPv6: 0, 最小延迟: 476 ms, 最高速率: 9.79 M/s, 平均速率: 7.80 M/s, 最高分辨率: 1920x1080
分类: 📡卫视频道, 名称: 陕西卫视, 有效: 4, IPv4: 6, IPv6: 0, 最小延迟: 42 ms, 最高速率: 131.53 M/s, 平均速率: 37.85 M/s, 最高分辨率: 1920x1080
分类: 📡卫视频道, 名称: 青海卫视, 有效: 3, IPv4: 4, IPv6: 0, 最小延迟: 445 ms, 最高速率: 8.14 M/s, 平均速率: 5.86 M/s, 最高分辨率: 1920x1080
分类: 📡卫视频道, 名称: 深圳卫视, 有效: 6, IPv4: 8, IPv6: 0, 最小延迟: 457 ms, 最高速率: 8.90 M/s, 平均速率: 6.15 M/s, 最高分辨率: 1920x1080
分类: 📡卫视频道, 名称: 山东卫视, 有效: 5, IPv4: 7, IPv6: 0, 最小延迟: 476 ms, 最高速率: 8.95 M/s, 平均速率: 4.03 M/s, 最高分辨率: 1920x1080
分类: 📡卫视频道, 名称: 山西卫视, 有效: 5, IPv4: 7, IPv6: 0, 最小延迟: 35 ms, 最高速率: 151.41 M/s, 平均速率: 54.84 M/s, 最高分辨率: 1920x1080
分类: 📡卫视频道, 名称: 四川卫视, 有效: 5, IPv4: 7, IPv6: 0, 最小延迟: 33 ms, 最高速率: 139.14 M/s, 平均速率: 57.09 M/s, 最高分辨率: 3840x2160
分类: 📡卫视频道, 名称: 三沙卫视, 有效: 3, IPv4: 5, IPv6: 0, 最小延迟: 429 ms, 最高速率: 7.31 M/s, 平均速率: 0.71 M/s, 最高分辨率: 1280x720
分类: 📡卫视频道, 名称: 新疆卫视, 有效: 5, IPv4: 6, IPv6: 0, 最小延迟: 42 ms, 最高速率: 127.00 M/s, 平均速率: 29.53 M/s, 最高分辨率: 1920x1080
分类: ☘️广东频道, 名称: 广东珠江, 有效: 2, IPv4: 2, IPv6: 0, 最小延迟: 402 ms, 最高速率: 6.14 M/s, 平均速率: 5.85 M/s, 最高分辨率: 1280x720
分类: ☘️广东频道, 名称: 广东体育, 有效: 1, IPv4: 1, IPv6: 0, 最小延迟: 348 ms, 最高速率: 4.13 M/s, 平均速率: 4.13 M/s, 最高分辨率: 1280x720
分类: ☘️广东频道, 名称: 广东新闻, 有效: 1, IPv4: 2, IPv6: 0, 最小延迟: 375 ms, 最高速率: 4.63 M/s, 平均速率: 4.63 M/s, 最高分辨率: 1280x720
分类: 📡卫视频道, 名称: 云南卫视, 有效: 4, IPv4: 6, IPv6: 0, 最小延迟: 556 ms, 最高速率: 7.97 M/s, 平均速率: 5.53 M/s, 最高分辨率: 1920x1080
分类: ☘️广东频道, 名称: 广东民生, 有效: 1, IPv4: 3, IPv6: 0, 最小延迟: 304 ms, 最高速率: 2.70 M/s, 平均速率: 2.70 M/s, 最高分辨率: 1280x720
分类: ☘️广东频道, 名称: 广州综合, 有效: 4, IPv4: 4, IPv6: 0, 最小延迟: 2181 ms, 最高速率: 0.40 M/s, 平均速率: 0.34 M/s, 最高分辨率: 1280x720
分类: 📡卫视频道, 名称: 天津卫视, 有效: 4, IPv4: 6, IPv6: 0, 最小延迟: 467 ms, 最高速率: 8.47 M/s, 平均速率: 5.81 M/s, 最高分辨率: 1920x1080
分类: 📡卫视频道, 名称: 西藏卫视, 有效: 5, IPv4: 7, IPv6: 0, 最小延迟: 48 ms, 最高速率: 119.27 M/s, 平均速率: 27.10 M/s, 最高分辨率: 1920x1080
分类: ☘️广东频道, 名称: 广州竞赛, 有效: 0, IPv4: 1, IPv6: 0, 最小延迟: 10176 ms, 最高速率: 0.01 M/s, 平均速率: 0.00 M/s, 最高分辨率: 1280x720
分类: ☘️广东频道, 名称: 大湾区卫视, 有效: 4, IPv4: 6, IPv6: 0, 最小延迟: 483 ms, 最高速率: 10.33 M/s, 平均速率: 10.25 M/s, 最高分辨率: 1920x1080
分类: ☘️广东频道, 名称: 广州影视, 有效: 0, IPv4: 1, IPv6: 0, 最小延迟: -1 ms, 最高速率: 0.00 M/s, 平均速率: 0.00 M/s, 最高分辨率: None
